// Bun Snapshot v1, https://bun.sh/docs/test/snapshots

exports[`converts rotated mirrored GND graphics in KiCad transform order 1`] = `
{
  "paperSize": {
    "height": 210,
    "isPortrait": false,
    "name": "A4",
    "width": 297,
  },
  "titleBlock": {
    "comments": [],
    "company": undefined,
    "date": undefined,
    "revision": "1.0",
    "title": "OtterCastAudioV2",
  },
}
`;
